[debug] [2026-08-02T11:48:16.885Z] ----------------------------------------------------------------------
[debug] [2026-08-02T11:48:16.886Z] Command:       /Users/if/Library/pnpm/nodejs/22.11.0/bin/node /Users/if/.npm/_npx/ba4f1959e38407b5/node_modules/.bin/firebase deploy --only hosting --project the-cold-shift
[debug] [2026-08-02T11:48:16.886Z] CLI Version:   15.25.1
[debug] [2026-08-02T11:48:16.886Z] Platform:      darwin
[debug] [2026-08-02T11:48:16.886Z] Node Version:  v22.11.0
[debug] [2026-08-02T11:48:16.886Z] Detected Agent: antigravity
[debug] [2026-08-02T11:48:16.886Z] Time:          Sun Aug 02 2026 06:48:16 GMT-0500 (Central Daylight Time)
[debug] [2026-08-02T11:48:16.886Z] ----------------------------------------------------------------------
[debug] 
[debug] [2026-08-02T11:48:19.076Z] > command requires scopes: ["email","openid","https://www.googleapis.com/auth/cloudplatformprojects.readonly","https://www.googleapis.com/auth/firebase","https://www.googleapis.com/auth/cloud-platform"]
[debug] [2026-08-02T11:48:19.077Z] > authorizing via signed-in user (norman@trynorm.co)
[debug] [2026-08-02T11:48:19.077Z] [iam] checking project the-cold-shift for permissions ["firebase.projects.get","firebasehosting.sites.update"]
[debug] [2026-08-02T11:48:19.085Z] Checked if tokens are valid: false, expires at: 1785650187995
[debug] [2026-08-02T11:48:19.086Z] Checked if tokens are valid: false, expires at: 1785650187995
[debug] [2026-08-02T11:48:19.086Z] > refreshing access token with scopes: []
[debug] [2026-08-02T11:48:19.088Z] >>> [apiv2][query] POST https://www.googleapis.com/oauth2/v3/token [none]
[debug] [2026-08-02T11:48:19.088Z] >>> [apiv2][body] POST https://www.googleapis.com/oauth2/v3/token [omitted]
[debug] [2026-08-02T11:48:19.341Z] <<< [apiv2][status] POST https://www.googleapis.com/oauth2/v3/token 400
[debug] [2026-08-02T11:48:19.341Z] <<< [apiv2][body] POST https://www.googleapis.com/oauth2/v3/token [omitted]
[error] Authentication Error: Your credentials are no longer valid. Please run firebase login --reauth

For CI servers and headless environments, generate a new token with firebase login:ci
[error] Authentication Error: Your credentials are no longer valid. Please run firebase login --reauth

For CI servers and headless environments, generate a new token with firebase login:ci
[debug] [2026-08-02T11:48:19.345Z] [iam] error while checking permissions, command may fail: Authentication Error: Your credentials are no longer valid. Please run firebase login --reauth

For CI servers and headless environments, generate a new token with firebase login:ci
[debug] [2026-08-02T11:48:19.346Z] Checked if tokens are valid: false, expires at: 1785650187995
[debug] [2026-08-02T11:48:19.346Z] Checked if tokens are valid: false, expires at: 1785650187995
[debug] [2026-08-02T11:48:19.346Z] > refreshing access token with scopes: []
[debug] [2026-08-02T11:48:19.347Z] >>> [apiv2][query] POST https://www.googleapis.com/oauth2/v3/token [none]
[debug] [2026-08-02T11:48:19.347Z] >>> [apiv2][body] POST https://www.googleapis.com/oauth2/v3/token [omitted]
[debug] [2026-08-02T11:48:19.416Z] <<< [apiv2][status] POST https://www.googleapis.com/oauth2/v3/token 400
[debug] [2026-08-02T11:48:19.417Z] <<< [apiv2][body] POST https://www.googleapis.com/oauth2/v3/token [omitted]
[error] Authentication Error: Your credentials are no longer valid. Please run firebase login --reauth

For CI servers and headless environments, generate a new token with firebase login:ci
[error] Authentication Error: Your credentials are no longer valid. Please run firebase login --reauth

For CI servers and headless environments, generate a new token with firebase login:ci
[debug] [2026-08-02T11:48:19.417Z] Authentication Error: Your credentials are no longer valid. Please run firebase login --reauth

For CI servers and headless environments, generate a new token with firebase login:ci
[error] 
[error] Error: Assertion failed: resolving hosting target of a site with no site name or target name. This should have caused an error earlier
